// Jest Snapshot v1, https://goo.gl/fbAQLP

exports[`matches snapshot 1`] = `
<DocumentFragment>
  <div>
    <ul />
    <form>
      <label
        for="task"
      >
        Add new to-do
      </label>
      <input
        name="task"
        type="text"
        value=""
      />
      <button>
        Add
      </button>
    </form>
  </div>
</DocumentFragment>
`;
